// Vitest Snapshot v1, https://vitest.dev/guide/snapshot.html

exports[`renders mobile nav 1`] = `<div />`;
