// Vitest Snapshot v1, https://vitest.dev/guide/snapshot.html

exports[`renders wrapper for root component 1`] = `
<div>
  test 2
</div>
`;
