// Vitest Snapshot v1, https://vitest.dev/guide/snapshot.html

exports[`renders root component 1`] = `
<div>
  <div
    class="sc-beySPh iohzhV"
  >
    <div
      class="sc-guDLey lagWuR"
      data-testid="loader"
    />
  </div>
</div>
`;
